src/components/AccountActions.tsx(3,10): error TS1484: 'AccountActionsProps' is a type and must be imported using a type-only import when 'verbatimModuleSyntax' is enabled.
